2025-11-12T08:47:32.531Z | e2e_suppliers_ui_crud | STARTED | Full CRUD cycle testing
2025-11-12T08:47:32.610Z | e2e_suppliers_ui_crud | STARTED | Full CRUD cycle testing
2025-11-12T08:47:33.291Z | e2e_suppliers_ui_crud | ATTEMPTED | Supplier editing via UI
2025-11-12T08:47:33.368Z | e2e_suppliers_ui_crud | STARTED | Full CRUD cycle testing
2025-11-12T08:47:33.377Z | e2e_suppliers_ui_crud | COMPLETED | Full CRUD cycle testing
2025-11-12T08:47:33.392Z | e2e_suppliers_ui_crud | STARTED | Full CRUD cycle testing
2025-11-12T08:47:33.758Z | e2e_suppliers_ui_crud | ATTEMPTED | Supplier deletion via UI
2025-11-12T08:47:33.853Z | e2e_suppliers_ui_crud | COMPLETED | Full CRUD cycle testing
2025-11-12T08:47:33.867Z | e2e_suppliers_ui_crud | STARTED | Full CRUD cycle testing
2025-11-12T08:47:34.204Z | e2e_suppliers_ui_crud | PASSED | Suppliers list display verification
2025-11-12T08:47:34.280Z | e2e_suppliers_ui_crud | COMPLETED | Full CRUD cycle testing
2025-11-12T08:47:34.290Z | e2e_suppliers_ui_crud | STARTED | Full CRUD cycle testing
2025-11-12T08:47:34.339Z | e2e_suppliers_ui_crud | COMPLETED | Test data cleanup
2025-11-12T08:47:34.406Z | e2e_suppliers_ui_crud | COMPLETED | Full CRUD cycle testing
2025-11-12T08:47:34.777Z | e2e_suppliers_ui_crud | STARTED | Full CRUD cycle testing
2025-11-12T08:47:35.539Z | e2e_suppliers_ui_crud | COMPLETED | Full CRUD cycle testing
2025-11-12T08:47:39.077Z | e2e_suppliers_ui_crud | COMPLETED | Full CRUD cycle testing
2025-11-12T08:48:03.473Z | e2e_suppliers_ui_crud | COMPLETED | Full CRUD cycle testing
2025-11-12T09:45:13.940Z | e2e_suppliers_ui_crud | STARTED | Full CRUD cycle testing
2025-11-12T09:45:13.943Z | e2e_suppliers_ui_crud | STARTED | Full CRUD cycle testing
2025-11-12T09:45:13.995Z | e2e_suppliers_ui_crud | STARTED | Full CRUD cycle testing
2025-11-12T09:45:14.007Z | e2e_suppliers_ui_crud | STARTED | Full CRUD cycle testing
2025-11-12T09:45:14.551Z | e2e_suppliers_ui_crud | STARTED | Full CRUD cycle testing
2025-11-12T09:45:14.648Z | e2e_suppliers_ui_crud | STARTED | Full CRUD cycle testing
2025-11-12T09:45:16.867Z | e2e_suppliers_ui_crud | ATTEMPTED | Supplier editing via UI
2025-11-12T09:45:16.874Z | e2e_suppliers_ui_crud | ATTEMPTED | Supplier creation via UI
2025-11-12T09:45:16.886Z | e2e_suppliers_ui_crud | ATTEMPTED | Supplier deletion via UI
2025-11-12T09:45:16.918Z | e2e_suppliers_ui_crud | PASSED | Suppliers list display verification
2025-11-12T09:45:16.982Z | e2e_suppliers_ui_crud | COMPLETED | Full CRUD cycle testing
2025-11-12T09:45:16.988Z | e2e_suppliers_ui_crud | COMPLETED | Full CRUD cycle testing
2025-11-12T09:45:17.000Z | e2e_suppliers_ui_crud | COMPLETED | Full CRUD cycle testing
2025-11-12T09:45:17.018Z | e2e_suppliers_ui_crud | COMPLETED | Full CRUD cycle testing
2025-11-12T09:45:17.018Z | e2e_suppliers_ui_crud | STARTED | Full CRUD cycle testing
2025-11-12T09:45:17.101Z | e2e_suppliers_ui_crud | COMPLETED | Test data cleanup
2025-11-12T09:45:17.104Z | e2e_suppliers_ui_crud | COMPLETED | Full CRUD cycle testing
2025-11-12T09:45:17.177Z | e2e_suppliers_ui_crud | COMPLETED | Full CRUD cycle testing
2025-11-12T09:45:22.002Z | e2e_suppliers_ui_crud | COMPLETED | Full CRUD cycle testing
2025-11-12T12:22:34.867Z | e2e_suppliers_ui_crud | STARTED | Full CRUD cycle testing
2025-11-12T12:22:34.891Z | e2e_suppliers_ui_crud | STARTED | Full CRUD cycle testing
2025-11-12T12:22:35.229Z | e2e_suppliers_ui_crud | STARTED | Full CRUD cycle testing
2025-11-12T12:22:35.263Z | e2e_suppliers_ui_crud | COMPLETED | Full CRUD cycle testing
2025-11-12T12:22:35.265Z | e2e_suppliers_ui_crud | STARTED | Full CRUD cycle testing
2025-11-12T12:22:35.303Z | e2e_suppliers_ui_crud | COMPLETED | Full CRUD cycle testing
2025-11-12T12:22:35.671Z | e2e_suppliers_ui_crud | COMPLETED | Full CRUD cycle testing
2025-11-12T12:22:35.709Z | e2e_suppliers_ui_crud | STARTED | Full CRUD cycle testing
2025-11-12T12:22:35.722Z | e2e_suppliers_ui_crud | STARTED | Full CRUD cycle testing
2025-11-12T12:22:35.724Z | e2e_suppliers_ui_crud | COMPLETED | Full CRUD cycle testing
2025-11-12T12:22:35.788Z | e2e_suppliers_ui_crud | STARTED | Full CRUD cycle testing
2025-11-12T12:22:36.085Z | e2e_suppliers_ui_crud | COMPLETED | Test data cleanup
2025-11-12T12:22:36.186Z | e2e_suppliers_ui_crud | COMPLETED | Full CRUD cycle testing
2025-11-12T12:22:36.206Z | e2e_suppliers_ui_crud | COMPLETED | Full CRUD cycle testing
2025-11-12T12:22:36.234Z | e2e_suppliers_ui_crud | COMPLETED | Full CRUD cycle testing
