2025-11-12T08:33:53.625Z | e2e_orders_ui_crud | STARTED | Full CRUD cycle testing
2025-11-12T08:33:53.639Z | e2e_orders_ui_crud | STARTED | Full CRUD cycle testing
2025-11-12T08:33:53.639Z | e2e_orders_ui_crud | STARTED | Full CRUD cycle testing
2025-11-12T08:33:53.658Z | e2e_orders_ui_crud | STARTED | Full CRUD cycle testing
2025-11-12T08:33:53.688Z | e2e_orders_ui_crud | STARTED | Full CRUD cycle testing
2025-11-12T08:33:53.688Z | e2e_orders_ui_crud | STARTED | Full CRUD cycle testing
2025-11-12T08:33:54.031Z | e2e_orders_ui_crud | COMPLETED | Test data cleanup
2025-11-12T08:33:54.117Z | e2e_orders_ui_crud | COMPLETED | Full CRUD cycle testing
2025-11-12T08:33:54.397Z | e2e_orders_ui_crud | ATTEMPTED | Order creation via UI
2025-11-12T08:33:54.449Z | e2e_orders_ui_crud | ATTEMPTED | Order editing via UI
2025-11-12T08:33:54.472Z | e2e_orders_ui_crud | ATTEMPTED | Order deletion via UI
2025-11-12T08:33:54.485Z | e2e_orders_ui_crud | COMPLETED | Full CRUD cycle testing
2025-11-12T08:33:54.535Z | e2e_orders_ui_crud | COMPLETED | Full CRUD cycle testing
2025-11-12T08:33:54.553Z | e2e_orders_ui_crud | COMPLETED | Full CRUD cycle testing
2025-11-12T08:33:59.621Z | e2e_orders_ui_crud | COMPLETED | Full CRUD cycle testing
2025-11-12T08:33:59.621Z | e2e_orders_ui_crud | COMPLETED | Full CRUD cycle testing
2025-11-12T08:45:18.126Z | e2e_orders_ui_crud | STARTED | Full CRUD cycle testing
2025-11-12T08:45:18.142Z | e2e_orders_ui_crud | STARTED | Full CRUD cycle testing
2025-11-12T08:45:18.143Z | e2e_orders_ui_crud | STARTED | Full CRUD cycle testing
2025-11-12T08:45:18.157Z | e2e_orders_ui_crud | STARTED | Full CRUD cycle testing
2025-11-12T08:45:18.157Z | e2e_orders_ui_crud | STARTED | Full CRUD cycle testing
2025-11-12T08:45:18.158Z | e2e_orders_ui_crud | STARTED | Full CRUD cycle testing
2025-11-12T08:45:18.484Z | e2e_orders_ui_crud | COMPLETED | Test data cleanup
2025-11-12T08:45:18.574Z | e2e_orders_ui_crud | ATTEMPTED | Order editing via UI
2025-11-12T08:45:18.574Z | e2e_orders_ui_crud | COMPLETED | Full CRUD cycle testing
2025-11-12T08:45:18.663Z | e2e_orders_ui_crud | COMPLETED | Full CRUD cycle testing
2025-11-12T08:45:18.700Z | e2e_orders_ui_crud | ATTEMPTED | Order creation via UI
2025-11-12T08:45:18.720Z | e2e_orders_ui_crud | ATTEMPTED | Order deletion via UI
2025-11-12T08:45:18.777Z | e2e_orders_ui_crud | COMPLETED | Full CRUD cycle testing
2025-11-12T08:45:18.779Z | e2e_orders_ui_crud | COMPLETED | Full CRUD cycle testing
2025-11-12T08:45:23.888Z | e2e_orders_ui_crud | COMPLETED | Full CRUD cycle testing
2025-11-12T08:45:23.978Z | e2e_orders_ui_crud | COMPLETED | Full CRUD cycle testing
2025-11-12T08:47:28.495Z | e2e_orders_ui_crud | STARTED | Full CRUD cycle testing
2025-11-12T08:47:28.496Z | e2e_orders_ui_crud | STARTED | Full CRUD cycle testing
2025-11-12T08:47:28.509Z | e2e_orders_ui_crud | STARTED | Full CRUD cycle testing
2025-11-12T08:47:28.935Z | e2e_orders_ui_crud | ATTEMPTED | Order editing via UI
2025-11-12T08:47:29.041Z | e2e_orders_ui_crud | COMPLETED | Full CRUD cycle testing
2025-11-12T08:47:29.063Z | e2e_orders_ui_crud | STARTED | Full CRUD cycle testing
2025-11-12T08:47:29.911Z | e2e_orders_ui_crud | ATTEMPTED | Order deletion via UI
2025-11-12T08:47:30.040Z | e2e_orders_ui_crud | COMPLETED | Full CRUD cycle testing
2025-11-12T08:47:30.863Z | e2e_orders_ui_crud | STARTED | Full CRUD cycle testing
2025-11-12T08:47:30.925Z | e2e_orders_ui_crud | STARTED | Full CRUD cycle testing
2025-11-12T08:47:31.184Z | e2e_orders_ui_crud | COMPLETED | Test data cleanup
2025-11-12T08:47:31.283Z | e2e_orders_ui_crud | COMPLETED | Full CRUD cycle testing
2025-11-12T08:47:31.447Z | e2e_orders_ui_crud | PASSED | Orders list display verification
2025-11-12T08:47:31.556Z | e2e_orders_ui_crud | COMPLETED | Full CRUD cycle testing
2025-11-12T08:47:35.001Z | e2e_orders_ui_crud | COMPLETED | Full CRUD cycle testing
2025-11-12T08:47:59.463Z | e2e_orders_ui_crud | COMPLETED | Full CRUD cycle testing
2025-11-12T09:10:56.279Z | e2e_orders_ui_crud | STARTED | Full CRUD cycle testing
2025-11-12T09:10:56.279Z | e2e_orders_ui_crud | STARTED | Full CRUD cycle testing
2025-11-12T09:10:56.280Z | e2e_orders_ui_crud | STARTED | Full CRUD cycle testing
2025-11-12T09:10:56.282Z | e2e_orders_ui_crud | STARTED | Full CRUD cycle testing
2025-11-12T09:10:56.282Z | e2e_orders_ui_crud | STARTED | Full CRUD cycle testing
2025-11-12T09:10:56.304Z | e2e_orders_ui_crud | STARTED | Full CRUD cycle testing
2025-11-12T09:10:57.450Z | e2e_orders_ui_crud | COMPLETED | Test data cleanup
2025-11-12T09:10:57.548Z | e2e_orders_ui_crud | ATTEMPTED | Order editing via UI
2025-11-12T09:10:57.554Z | e2e_orders_ui_crud | COMPLETED | Full CRUD cycle testing
2025-11-12T09:10:57.646Z | e2e_orders_ui_crud | COMPLETED | Full CRUD cycle testing
2025-11-12T09:10:59.225Z | e2e_orders_ui_crud | PASSED | Orders list display verification
2025-11-12T09:10:59.226Z | e2e_orders_ui_crud | ATTEMPTED | Order deletion via UI
2025-11-12T09:10:59.301Z | e2e_orders_ui_crud | COMPLETED | Full CRUD cycle testing
2025-11-12T09:10:59.301Z | e2e_orders_ui_crud | COMPLETED | Full CRUD cycle testing
2025-11-12T09:11:04.385Z | e2e_orders_ui_crud | COMPLETED | Full CRUD cycle testing
2025-11-12T09:11:27.786Z | e2e_orders_ui_crud | COMPLETED | Full CRUD cycle testing
2025-11-12T09:33:04.329Z | e2e_orders_ui_crud | STARTED | Full CRUD cycle testing
2025-11-12T09:33:04.329Z | e2e_orders_ui_crud | STARTED | Full CRUD cycle testing
2025-11-12T09:33:04.329Z | e2e_orders_ui_crud | STARTED | Full CRUD cycle testing
2025-11-12T09:33:04.329Z | e2e_orders_ui_crud | STARTED | Full CRUD cycle testing
2025-11-12T09:33:04.329Z | e2e_orders_ui_crud | STARTED | Full CRUD cycle testing
2025-11-12T09:33:04.342Z | e2e_orders_ui_crud | STARTED | Full CRUD cycle testing
2025-11-12T09:33:04.637Z | e2e_orders_ui_crud | COMPLETED | Test data cleanup
2025-11-12T09:33:04.690Z | e2e_orders_ui_crud | ATTEMPTED | Order editing via UI
2025-11-12T09:33:04.724Z | e2e_orders_ui_crud | COMPLETED | Full CRUD cycle testing
2025-11-12T09:33:04.758Z | e2e_orders_ui_crud | COMPLETED | Full CRUD cycle testing
2025-11-12T09:33:05.332Z | e2e_orders_ui_crud | ATTEMPTED | Order deletion via UI
2025-11-12T09:33:05.337Z | e2e_orders_ui_crud | PASSED | Orders list display verification
2025-11-12T09:33:05.408Z | e2e_orders_ui_crud | COMPLETED | Full CRUD cycle testing
2025-11-12T09:33:05.409Z | e2e_orders_ui_crud | COMPLETED | Full CRUD cycle testing
2025-11-12T09:33:10.484Z | e2e_orders_ui_crud | COMPLETED | Full CRUD cycle testing
2025-11-12T09:33:35.286Z | e2e_orders_ui_crud | COMPLETED | Full CRUD cycle testing
2025-11-12T09:44:05.287Z | e2e_orders_ui_crud | STARTED | Full CRUD cycle testing
2025-11-12T09:44:05.287Z | e2e_orders_ui_crud | STARTED | Full CRUD cycle testing
2025-11-12T09:44:05.291Z | e2e_orders_ui_crud | STARTED | Full CRUD cycle testing
2025-11-12T09:44:05.323Z | e2e_orders_ui_crud | STARTED | Full CRUD cycle testing
2025-11-12T09:44:05.323Z | e2e_orders_ui_crud | STARTED | Full CRUD cycle testing
2025-11-12T09:44:05.326Z | e2e_orders_ui_crud | STARTED | Full CRUD cycle testing
2025-11-12T09:44:05.637Z | e2e_orders_ui_crud | COMPLETED | Test data cleanup
2025-11-12T09:44:05.701Z | e2e_orders_ui_crud | ATTEMPTED | Order editing via UI
2025-11-12T09:44:05.730Z | e2e_orders_ui_crud | COMPLETED | Full CRUD cycle testing
2025-11-12T09:44:05.779Z | e2e_orders_ui_crud | COMPLETED | Full CRUD cycle testing
2025-11-12T09:44:08.167Z | e2e_orders_ui_crud | COMPLETED | Full CRUD cycle testing
2025-11-12T09:44:08.191Z | e2e_orders_ui_crud | COMPLETED | Full CRUD cycle testing
2025-11-12T09:44:08.214Z | e2e_orders_ui_crud | COMPLETED | Full CRUD cycle testing
2025-11-12T09:44:08.242Z | e2e_orders_ui_crud | COMPLETED | Full CRUD cycle testing
2025-11-12T09:45:13.920Z | e2e_orders_ui_crud | STARTED | Full CRUD cycle testing
2025-11-12T09:45:13.922Z | e2e_orders_ui_crud | STARTED | Full CRUD cycle testing
2025-11-12T09:45:13.937Z | e2e_orders_ui_crud | STARTED | Full CRUD cycle testing
2025-11-12T09:45:13.938Z | e2e_orders_ui_crud | STARTED | Full CRUD cycle testing
2025-11-12T09:45:13.956Z | e2e_orders_ui_crud | STARTED | Full CRUD cycle testing
2025-11-12T09:45:13.958Z | e2e_orders_ui_crud | STARTED | Full CRUD cycle testing
2025-11-12T09:45:14.395Z | e2e_orders_ui_crud | COMPLETED | Test data cleanup
2025-11-12T09:45:14.515Z | e2e_orders_ui_crud | COMPLETED | Full CRUD cycle testing
2025-11-12T09:45:14.528Z | e2e_orders_ui_crud | ATTEMPTED | Order editing via UI
2025-11-12T09:45:14.602Z | e2e_orders_ui_crud | COMPLETED | Full CRUD cycle testing
2025-11-12T09:45:16.872Z | e2e_orders_ui_crud | ATTEMPTED | Order creation via UI
2025-11-12T09:45:16.901Z | e2e_orders_ui_crud | ATTEMPTED | Order deletion via UI
2025-11-12T09:45:16.973Z | e2e_orders_ui_crud | PASSED | Orders list display verification
2025-11-12T09:45:16.973Z | e2e_orders_ui_crud | COMPLETED | Full CRUD cycle testing
2025-11-12T09:45:17.017Z | e2e_orders_ui_crud | COMPLETED | Full CRUD cycle testing
2025-11-12T09:45:17.090Z | e2e_orders_ui_crud | COMPLETED | Full CRUD cycle testing
2025-11-12T09:45:22.039Z | e2e_orders_ui_crud | COMPLETED | Full CRUD cycle testing
2025-11-12T12:22:32.040Z | e2e_orders_ui_crud | STARTED | Full CRUD cycle testing
2025-11-12T12:22:32.319Z | e2e_orders_ui_crud | STARTED | Full CRUD cycle testing
2025-11-12T12:22:32.397Z | e2e_orders_ui_crud | COMPLETED | Full CRUD cycle testing
2025-11-12T12:22:32.686Z | e2e_orders_ui_crud | COMPLETED | Full CRUD cycle testing
2025-11-12T12:22:32.724Z | e2e_orders_ui_crud | STARTED | Full CRUD cycle testing
2025-11-12T12:22:32.724Z | e2e_orders_ui_crud | STARTED | Full CRUD cycle testing
2025-11-12T12:22:32.725Z | e2e_orders_ui_crud | STARTED | Full CRUD cycle testing
2025-11-12T12:22:32.835Z | e2e_orders_ui_crud | STARTED | Full CRUD cycle testing
2025-11-12T12:22:33.199Z | e2e_orders_ui_crud | COMPLETED | Full CRUD cycle testing
2025-11-12T12:22:33.207Z | e2e_orders_ui_crud | COMPLETED | Test data cleanup
2025-11-12T12:22:33.218Z | e2e_orders_ui_crud | COMPLETED | Full CRUD cycle testing
2025-11-12T12:22:33.228Z | e2e_orders_ui_crud | COMPLETED | Full CRUD cycle testing
2025-11-12T12:22:33.340Z | e2e_orders_ui_crud | COMPLETED | Full CRUD cycle testing
