=== LOG SUMMARY APPEND - 2025-11-10T08:30:50.895Z ===

# PORT NORMALIZATION SUCCESS - COMPLETE P/D/R/L CYCLE

## Execution Summary
- **Task**: 5-этапный P/D/R/L план нормализации DEV-портов
- **Status**: ✅ COMPLETED SUCCESSFULLY
- **Timeline**: 2025-11-10T08:30:50.895Z

## Key Results

### P1 - Planning
✅ Created comprehensive port normalization plan  
📄 Artifacts: reports/artifacts/ports/plan_3002_removal.md  
📋 Strategy: Remove 3002, normalize to 3000/3001, ENV-driven CORS

### D1 - Development  
✅ Fixed CSP.connectSrc (removed 3002, added 3000/3001)  
✅ Fixed Socket.IO CORS (removed 3002, added 3000/3001)  
✅ Implemented ENV-driven origins with localhost fallbacks  
📄 Artifacts: reports/artifacts/ports/patch_3002_removal.diff

### R1 - Review/Smoke
✅ Backend API 5003: RUNNING (PORT=5003)  
✅ Frontend Enhanced 3001: RUNNING (npm run dev)  
✅ CORS/CSP compliance: VERIFIED  
✅ Port 3002 removal: CONFIRMED  
📄 Artifacts: reports/artifacts/ports/smoke_3000_3001_5003.json

### L1 - Logging
✅ ACTION_LOG.md updated with success summary  
✅ Complete audit trail maintained  

## Final Configuration
- **Backend API**: 5003 (via PORT=5003 env var)
- **Frontend Enhanced**: 3001 (Next.js dev server)
- **Frontend Basic**: 3000 (available but not running in test)
- **CORS Origins**: ENV-driven with localhost:3000,3001 fallbacks
- **CSP connect-src**: http://localhost:3000, http://localhost:3001, http://localhost:5003

## Security & Compliance
- ✅ CSP policies properly configured
- ✅ Socket.IO CORS origins secured
- ✅ Environment variable driven configuration
- ✅ No legacy port 3002 references remain

## Impact Assessment
- **Risk Level**: LOW (backwards compatible)
- **Rollback Plan**: Available via patch diff
- **Documentation**: Complete audit trail
- **Next Actions**: None required

=== END LOG SUMMARY ===
2025‑11‑10 09:41 — [Ports] — Normalized to 5003/3000/3001; removed 3002; ENV‑driven CORS/CSP; Artifacts: reports/artifacts/ports/* — Result: smoke OK
2025‑11‑10 09:52 — [Merge] — Ports normalization + CSP/CORS env‑driven merged — Artifacts: reports/artifacts/ports/* — Result: branch closed
