chefs-mind-ai-enhanced@2.0.0 c:\Projects\Chefs-Mind-AI\frontend-enhanced
+-- @types/node@20.19.22
+-- @types/react-dom@18.3.7
+-- @types/react@18.3.26
+-- lucide-react@0.454.0
+-- next@14.2.5
+-- postcss@8.5.6
+-- react-dom@18.3.1
+-- react@18.3.1
+-- socket.io-client@4.8.1
+-- tailwindcss@3.4.18
`-- typescript@5.9.3

chefs-mind-ai-enhanced@2.0.0 c:\Projects\Chefs-Mind-AI\frontend-enhanced
+-- @types/node@20.19.22
+-- @types/react-dom@18.3.7
+-- @types/react@18.3.26
+-- clsx@2.1.1
+-- lucide-react@0.454.0
+-- next@14.2.5
+-- postcss@8.5.6
+-- react-dom@18.3.1
+-- react@18.3.1
+-- socket.io-client@4.8.1
+-- tailwind-merge@3.3.1
+-- tailwindcss@3.4.18
`-- typescript@5.9.3

