#1 [internal] load local bake definitions
#1 reading from stdin 1.05kB 0.0s done
#1 DONE 0.0s

#2 [backend internal] load build definition from Dockerfile
#2 transferring dockerfile: 389B done
#2 DONE 0.0s

#3 [frontend internal] load build definition from Dockerfile
#3 transferring dockerfile: 731B 0.0s done
#3 DONE 0.0s

#4 [frontend internal] load metadata for docker.io/library/node:20-alpine
#4 ...

#5 [auth] library/node:pull token for registry-1.docker.io
#5 DONE 0.0s

#4 [frontend internal] load metadata for docker.io/library/node:20-alpine
#4 DONE 1.1s

#6 [frontend internal] load .dockerignore
#6 transferring context: 2B done
#6 DONE 0.0s

#7 [backend internal] load .dockerignore
#7 transferring context: 343B done
#7 DONE 0.0s

#8 [frontend deps 1/4] FROM docker.io/library/node:20-alpine@sha256:1ab6fc5a31d515dc7b6b25f6acfda2001821f2c2400252b6cb61044bd9f9ad48
#8 resolve docker.io/library/node:20-alpine@sha256:1ab6fc5a31d515dc7b6b25f6acfda2001821f2c2400252b6cb61044bd9f9ad48 0.0s done
#8 DONE 0.0s

#9 [frontend deps 2/4] WORKDIR /app
#9 CACHED

#10 [frontend internal] load build context
#10 transferring context: 1.33MB 0.6s done
#10 DONE 0.7s

#11 [frontend deps 3/4] COPY package*.json ./
#11 DONE 0.1s

#12 [frontend deps 4/4] RUN npm install
#12 ...

#13 [backend internal] load build context
#13 transferring context: 138.10MB 5.9s
#13 transferring context: 282.97MB 10.9s
#13 transferring context: 421.12MB 15.9s
#13 transferring context: 575.84MB 21.1s
#13 ...

#12 [frontend deps 4/4] RUN npm install
#12 23.45 
#12 23.45 added 222 packages, and audited 223 packages in 23s
#12 23.45 
#12 23.45 56 packages are looking for funding
#12 23.45   run `npm fund` for details
#12 23.45 
#12 23.45 found 0 vulnerabilities
#12 23.45 npm notice
#12 23.45 npm notice New major version of npm available! 10.8.2 -> 11.6.2
#12 23.45 npm notice Changelog: https://github.com/npm/cli/releases/tag/v11.6.2
#12 23.45 npm notice To update run: npm install -g npm@11.6.2
#12 23.45 npm notice
#12 DONE 23.9s

#13 [backend internal] load build context
#13 transferring context: 721.93MB 26.1s
#13 ...

#14 [frontend builder 3/6] COPY --from=deps /app/node_modules ./node_modules
#14 DONE 2.2s

#13 [backend internal] load build context
#13 transferring context: 863.67MB 31.2s
#13 transferring context: 1.00GB 36.2s
#13 ...

#15 [frontend builder 4/6] COPY . .
#15 DONE 9.8s

#13 [backend internal] load build context
#13 ...

#16 [frontend builder 5/6] RUN npm install
#16 1.891 
#16 1.891 removed 3 packages, and audited 230 packages in 1s
#16 1.891 
#16 1.891 57 packages are looking for funding
#16 1.891   run `npm fund` for details
#16 1.894 
#16 1.894 found 0 vulnerabilities
#16 1.898 npm notice
#16 1.898 npm notice New major version of npm available! 10.8.2 -> 11.6.2
#16 1.898 npm notice Changelog: https://github.com/npm/cli/releases/tag/v11.6.2
#16 1.898 npm notice To update run: npm install -g npm@11.6.2
#16 1.898 npm notice
#16 DONE 2.2s

#17 [frontend builder 6/6] RUN npm run build
#17 0.481 
#17 0.481 > chefs-mind-ai-enhanced@2.0.0 build
#17 0.481 > next build
#17 0.481 
#17 1.526    ▲ Next.js 15.5.6
#17 1.527    - Environments: .env.local
#17 1.527 
#17 1.587    Creating an optimized production build ...
#17 2.781  ⚠ Found lockfile missing swc dependencies, patching...
#17 ...

#13 [backend internal] load build context
#13 transferring context: 1.17GB 45.7s
#13 ...

#17 [frontend builder 6/6] RUN npm run build
#17 6.710  ⚠ Lockfile was successfully patched, please run "npm install" to ensure @next/swc dependencies are downloaded
#17 ...

#13 [backend internal] load build context
#13 transferring context: 1.18GB 52.0s
#13 ...

#17 [frontend builder 6/6] RUN npm run build
#17 12.19 Failed to compile.
#17 12.19 
#17 12.19 ./styles/globals.css.webpack[javascript/auto]!=!./node_modules/next/dist/build/webpack/loaders/css-loader/src/index.js??ruleSet[1].rules[14].oneOf[10].use[2]!./node_modules/next/dist/build/webpack/loaders/postcss-loader/src/index.js??ruleSet[1].rules[14].oneOf[10].use[3]!./styles/globals.css
#17 12.19 Error: Cannot find module 'autoprefixer'
#17 12.19 Require stack:
#17 12.19 - /app/node_modules/next/dist/build/webpack/config/blocks/css/plugins.js
#17 12.19 - /app/node_modules/next/dist/build/webpack/config/blocks/css/index.js
#17 12.19 - /app/node_modules/next/dist/build/webpack/config/index.js
#17 12.19 - /app/node_modules/next/dist/build/webpack-config.js
#17 12.19 - /app/node_modules/next/dist/build/webpack-build/impl.js
#17 12.19 - /app/node_modules/next/dist/compiled/jest-worker/processChild.js
#17 12.19     at Module._resolveFilename (node:internal/modules/cjs/loader:1207:15)
#17 12.19     at /app/node_modules/next/dist/server/require-hook.js:57:36
#17 12.19     at Function.resolve (node:internal/modules/helpers:193:19)
#17 12.19     at loadPlugin (/app/node_modules/next/dist/build/webpack/config/blocks/css/plugins.js:53:32)
#17 12.19     at /app/node_modules/next/dist/build/webpack/config/blocks/css/plugins.js:185:56
#17 12.19     at Array.map (<anonymous>)
#17 12.19     at getPostCssPlugins (/app/node_modules/next/dist/build/webpack/config/blocks/css/plugins.js:185:47)
#17 12.19     at async /app/node_modules/next/dist/build/webpack/config/blocks/css/index.js:125:36
#17 12.19     at async /app/node_modules/next/dist/build/webpack/loaders/postcss-loader/src/index.js:52:40
#17 12.19     at async Span.traceAsyncFn (/app/node_modules/next/dist/trace/trace.js:157:20)
#17 12.19 
#17 12.19 Import trace for requested module:
#17 12.19 ./styles/globals.css.webpack[javascript/auto]!=!./node_modules/next/dist/build/webpack/loaders/css-loader/src/index.js??ruleSet[1].rules[14].oneOf[10].use[2]!./node_modules/next/dist/build/webpack/loaders/postcss-loader/src/index.js??ruleSet[1].rules[14].oneOf[10].use[3]!./styles/globals.css
#17 12.19 ./styles/globals.css
#17 12.19 
#17 12.19 ./styles/globals.css
#17 12.19 Error: Cannot find module 'autoprefixer'
#17 12.19 Require stack:
#17 12.19 - /app/node_modules/next/dist/build/webpack/config/blocks/css/plugins.js
#17 12.19 - /app/node_modules/next/dist/build/webpack/config/blocks/css/index.js
#17 12.19 - /app/node_modules/next/dist/build/webpack/config/index.js
#17 12.19 - /app/node_modules/next/dist/build/webpack-config.js
#17 12.19 - /app/node_modules/next/dist/build/webpack-build/impl.js
#17 12.19 - /app/node_modules/next/dist/compiled/jest-worker/processChild.js
#17 12.19     at Module._resolveFilename (node:internal/modules/cjs/loader:1207:15)
#17 12.19     at /app/node_modules/next/dist/server/require-hook.js:57:36
#17 12.19     at Function.resolve (node:internal/modules/helpers:193:19)
#17 12.19     at loadPlugin (/app/node_modules/next/dist/build/webpack/config/blocks/css/plugins.js:53:32)
#17 12.19     at /app/node_modules/next/dist/build/webpack/config/blocks/css/plugins.js:185:56
#17 12.19     at Array.map (<anonymous>)
#17 12.19     at getPostCssPlugins (/app/node_modules/next/dist/build/webpack/config/blocks/css/plugins.js:185:47)
#17 12.19     at async /app/node_modules/next/dist/build/webpack/config/blocks/css/index.js:125:36
#17 12.19     at async /app/node_modules/next/dist/build/webpack/loaders/postcss-loader/src/index.js:52:40
#17 12.19     at async Span.traceAsyncFn (/app/node_modules/next/dist/trace/trace.js:157:20)
#17 12.19     at tryRunOrWebpackError (/app/node_modules/next/dist/compiled/webpack/bundle5.js:29:316119)
#17 12.19     at __webpack_require_module__ (/app/node_modules/next/dist/compiled/webpack/bundle5.js:29:131532)
#17 12.19     at __nested_webpack_require_161494__ (/app/node_modules/next/dist/compiled/webpack/bundle5.js:29:130967)
#17 12.19     at /app/node_modules/next/dist/compiled/webpack/bundle5.js:29:131824
#17 12.19     at symbolIterator (/app/node_modules/next/dist/compiled/neo-async/async.js:1:14444)
#17 12.19     at done (/app/node_modules/next/dist/compiled/neo-async/async.js:1:14824)
#17 12.19     at Hook.eval [as callAsync] (eval at create (/app/node_modules/next/dist/compiled/webpack/bundle5.js:14:9224), <anonymous>:15:1)
#17 12.19     at Hook.CALL_ASYNC_DELEGATE [as _callAsync] (/app/node_modules/next/dist/compiled/webpack/bundle5.js:14:6378)
#17 12.19     at /app/node_modules/next/dist/compiled/webpack/bundle5.js:29:130687
#17 12.19     at symbolIterator (/app/node_modules/next/dist/compiled/neo-async/async.js:1:14402)
#17 12.19 -- inner error --
#17 12.19 Error: Cannot find module 'autoprefixer'
#17 12.19 Require stack:
#17 12.19 - /app/node_modules/next/dist/build/webpack/config/blocks/css/plugins.js
#17 12.19 - /app/node_modules/next/dist/build/webpack/config/blocks/css/index.js
#17 12.19 - /app/node_modules/next/dist/build/webpack/config/index.js
#17 12.19 - /app/node_modules/next/dist/build/webpack-config.js
#17 12.19 - /app/node_modules/next/dist/build/webpack-build/impl.js
#17 12.19 - /app/node_modules/next/dist/compiled/jest-worker/processChild.js
#17 12.19     at Module._resolveFilename (node:internal/modules/cjs/loader:1207:15)
#17 12.19     at /app/node_modules/next/dist/server/require-hook.js:57:36
#17 12.19     at Function.resolve (node:internal/modules/helpers:193:19)
#17 12.19     at loadPlugin (/app/node_modules/next/dist/build/webpack/config/blocks/css/plugins.js:53:32)
#17 12.19     at /app/node_modules/next/dist/build/webpack/config/blocks/css/plugins.js:185:56
#17 12.19     at Array.map (<anonymous>)
#17 12.19     at getPostCssPlugins (/app/node_modules/next/dist/build/webpack/config/blocks/css/plugins.js:185:47)
#17 12.19     at async /app/node_modules/next/dist/build/webpack/config/blocks/css/index.js:125:36
#17 12.19     at async /app/node_modules/next/dist/build/webpack/loaders/postcss-loader/src/index.js:52:40
#17 12.19     at async Span.traceAsyncFn (/app/node_modules/next/dist/trace/trace.js:157:20)
#17 12.19     at Object.<anonymous> (/app/node_modules/next/dist/build/webpack/loaders/css-loader/src/index.js??ruleSet[1].rules[14].oneOf[10].use[2]!/app/node_modules/next/dist/build/webpack/loaders/postcss-loader/src/index.js??ruleSet[1].rules[14].oneOf[10].use[3]!/app/styles/globals.css:1:7)
#17 12.19     at /app/node_modules/next/dist/compiled/webpack/bundle5.js:29:962717
#17 12.19     at Hook.eval [as call] (eval at create (/app/node_modules/next/dist/compiled/webpack/bundle5.js:14:9002), <anonymous>:7:1)
#17 12.19     at Hook.CALL_DELEGATE [as _call] (/app/node_modules/next/dist/compiled/webpack/bundle5.js:14:6272)
#17 12.19     at /app/node_modules/next/dist/compiled/webpack/bundle5.js:29:131565
#17 12.19     at tryRunOrWebpackError (/app/node_modules/next/dist/compiled/webpack/bundle5.js:29:316073)
#17 12.19     at __webpack_require_module__ (/app/node_modules/next/dist/compiled/webpack/bundle5.js:29:131532)
#17 12.19     at __nested_webpack_require_161494__ (/app/node_modules/next/dist/compiled/webpack/bundle5.js:29:130967)
#17 12.19     at /app/node_modules/next/dist/compiled/webpack/bundle5.js:29:131824
#17 12.19     at symbolIterator (/app/node_modules/next/dist/compiled/neo-async/async.js:1:14444)
#17 12.19 
#17 12.19 Generated code for /app/node_modules/next/dist/build/webpack/loaders/css-loader/src/index.js??ruleSet[1].rules[14].oneOf[10].use[2]!/app/node_modules/next/dist/build/webpack/loaders/postcss-loader/src/index.js??ruleSet[1].rules[14].oneOf[10].use[3]!/app/styles/globals.css
#17 12.19 
#17 12.19 Import trace for requested module:
#17 12.19 ./styles/globals.css
#17 12.19 
#17 12.20 
#17 12.20 > Build failed because of webpack errors
#17 ERROR: process "/bin/sh -c npm run build" did not complete successfully: exit code: 1

#13 [backend internal] load build context
#13 transferring context: 1.18GB 52.4s done
#13 CANCELED
------
 > [frontend builder 6/6] RUN npm run build:
12.19     at /app/node_modules/next/dist/compiled/webpack/bundle5.js:29:131824
12.19     at symbolIterator (/app/node_modules/next/dist/compiled/neo-async/async.js:1:14444)
12.19 
12.19 Generated code for /app/node_modules/next/dist/build/webpack/loaders/css-loader/src/index.js??ruleSet[1].rules[14].oneOf[10].use[2]!/app/node_modules/next/dist/build/webpack/loaders/postcss-loader/src/index.js??ruleSet[1].rules[14].oneOf[10].use[3]!/app/styles/globals.css
12.19 
12.19 Import trace for requested module:
12.19 ./styles/globals.css
12.19 
12.20 
12.20 > Build failed because of webpack errors
------
Dockerfile:13

--------------------

  11 |     # Install all dependencies including dev for build

  12 |     RUN npm install

  13 | >>> RUN npm run build

  14 |     

  15 |     FROM node:20-alpine AS runner

--------------------

target frontend: failed to solve: process "/bin/sh -c npm run build" did not complete successfully: exit code: 1



View build details: docker-desktop://dashboard/build/default/default/vek3lve85qlibt1juybkiz8qv

