* Host localhost:5001 was resolved.
* IPv6: ::1
* IPv4: 127.0.0.1
*   Trying [::1]:5001...
* Established connection to localhost (::1 port 5001) from ::1 port 63817 
* using HTTP/1.x
> GET / HTTP/1.1
> Host: localhost:5001
> User-Agent: curl/8.16.0
> Accept: */*
> 
* Request completely sent off
< HTTP/1.1 404 Not Found
< X-Powered-By: Express
< Vary: Origin
< Access-Control-Allow-Credentials: true
< X-Request-ID: h3SM44AetA
< Content-Security-Policy: default-src 'none'
< X-Content-Type-Options: nosniff
< Content-Type: text/html; charset=utf-8
< Content-Length: 139
< Date: Mon, 20 Oct 2025 21:17:51 GMT
< Connection: keep-alive
< Keep-Alive: timeout=5
< 
{ [139 bytes data]
* Connection #0 to host localhost:5001 left intact
<!DOCTYPE html>
<html lang="en">
<head>
<meta charset="utf-8">
<title>Error</title>
</head>
<body>
<pre>Cannot GET /</pre>
</body>
</html>
