* Host localhost:3000 was resolved.
* IPv6: ::1
* IPv4: 127.0.0.1
*   Trying [::1]:3000...
* Established connection to localhost (::1 port 3000) from ::1 port 62416 
* using HTTP/1.x
> HEAD / HTTP/1.1

> Host: localhost:3000

> User-Agent: curl/8.16.0

> Accept: */*

> 

* Request completely sent off
< HTTP/1.1 200 OK

< Vary: rsc, next-router-state-tree, next-router-prefetch, next-router-segment-prefetch, Accept-Encoding

< x-nextjs-cache: HIT

< x-nextjs-prerender: 1

< x-nextjs-prerender: 1

< x-nextjs-stale-time: 300

< X-Powered-By: Next.js

< Cache-Control: s-maxage=31536000

< ETag: "1337o618pzg50d"

< Content-Type: text/html; charset=utf-8

< Content-Length: 6559

< Date: Tue, 21 Oct 2025 00:58:04 GMT

< Connection: keep-alive

< Keep-Alive: timeout=5

< 

* Connection #0 to host localhost:3000 left intact
HTTP/1.1 200 OK
Vary: rsc, next-router-state-tree, next-router-prefetch, next-router-segment-prefetch, Accept-Encoding
x-nextjs-cache: HIT
x-nextjs-prerender: 1
x-nextjs-prerender: 1
x-nextjs-stale-time: 300
X-Powered-By: Next.js
Cache-Control: s-maxage=31536000
ETag: "1337o618pzg50d"
Content-Type: text/html; charset=utf-8
Content-Length: 6559
Date: Tue, 21 Oct 2025 00:58:04 GMT
Connection: keep-alive
Keep-Alive: timeout=5

