* Host localhost:5001 was resolved.
* IPv6: ::1
* IPv4: 127.0.0.1
*   Trying [::1]:5001...
* Established connection to localhost (::1 port 5001) from ::1 port 55360 
* using HTTP/1.x
> HEAD / HTTP/1.1

> Host: localhost:5001

> User-Agent: curl/8.16.0

> Accept: */*

> 

* Request completely sent off
HTTP/1.1 200 OK
X-Powered-By: Express
Vary: Origin
Access-Control-Allow-Credentials: true
X-Request-ID: wY4s-AdzE3
Accept-Ranges: bytes
Cache-Control: public, max-age=0
Last-Modified: Mon, 20 Oct 2025 21:20:08 GMT
ETag: W/"38b-19a037e6b40"
Content-Type: text/html; charset=UTF-8
Content-Length: 907
Date: Tue, 21 Oct 2025 00:57:57 GMT
Connection: keep-alive
Keep-Alive: timeout=5

< HTTP/1.1 200 OK

< X-Powered-By: Express

< Vary: Origin

< Access-Control-Allow-Credentials: true

< X-Request-ID: wY4s-AdzE3

< Accept-Ranges: bytes

< Cache-Control: public, max-age=0

< Last-Modified: Mon, 20 Oct 2025 21:20:08 GMT

< ETag: W/"38b-19a037e6b40"

< Content-Type: text/html; charset=UTF-8

< Content-Length: 907

< Date: Tue, 21 Oct 2025 00:57:57 GMT

< Connection: keep-alive

< Keep-Alive: timeout=5

< 

* Connection #0 to host localhost:5001 left intact
