* Host localhost:5001 was resolved.
* IPv6: ::1
* IPv4: 127.0.0.1
*   Trying [::1]:5001...
* Established connection to localhost (::1 port 5001) from ::1 port 49233 
* using HTTP/1.x
> GET /health HTTP/1.1
> Host: localhost:5001
> User-Agent: curl/8.16.0
> Accept: */*
> 
* Request completely sent off
< HTTP/1.1 404 Not Found
< X-Powered-By: Express
< Vary: Origin
< Access-Control-Allow-Credentials: true
< X-Request-ID: DuSrp_SFhB
< Content-Type: application/json; charset=utf-8
< Content-Length: 135
< ETag: W/"87-oV/PISAiiGbCBDLeNUNWM5L38l0"
< Date: Mon, 20 Oct 2025 20:29:43 GMT
< Connection: keep-alive
< Keep-Alive: timeout=5
< 
{ [135 bytes data]
* Connection #0 to host localhost:5001 left intact
{"success":false,"error":"ENOENT: no such file or directory, stat '/app/dist/server/utils/public/index.html'","requestId":"DuSrp_SFhB"}