npm warn ERESOLVE overriding peer dependency
npm warn While resolving: vite@7.1.12
npm warn Found: @types/node@20.16.11
npm warn node_modules/@types/node
npm warn   @types/node@"*" from @types/pg@8.11.6
npm warn   node_modules/@neondatabase/serverless/node_modules/@types/pg
npm warn     @types/pg@"8.11.6" from @neondatabase/serverless@0.10.4
npm warn     node_modules/@neondatabase/serverless
npm warn   15 more (@types/body-parser, @types/connect, @types/cors, ...)
npm warn
npm warn Could not resolve dependency:
npm warn peerOptional @types/node@"^20.19.0 || >=22.12.0" from vite@7.1.12
npm warn node_modules/vitest/node_modules/vite
npm warn   vite@"^5.0.0 || ^6.0.0 || ^7.0.0-0" from vitest@3.2.4
npm warn   node_modules/vitest
npm warn   1 more (@vitest/mocker)
npm warn
npm warn Conflicting peer dependency: @types/node@24.10.0
npm warn node_modules/@types/node
npm warn   peerOptional @types/node@"^20.19.0 || >=22.12.0" from vite@7.1.12
npm warn   node_modules/vitest/node_modules/vite
npm warn     vite@"^5.0.0 || ^6.0.0 || ^7.0.0-0" from vitest@3.2.4
npm warn     node_modules/vitest
npm warn     1 more (@vitest/mocker)

up to date, audited 697 packages in 3s

99 packages are looking for funding
  run `npm fund` for details

1 high severity vulnerability

Some issues need review, and may require choosing
a different dependency.

Run `npm audit` for details.
