
> chefs-mind-ai-enhanced@2.0.0 build
> next build

[baseline-browser-mapping] The data in this module is over two months old.  To ensure accurate Baseline data, please update: `npm i baseline-browser-mapping@latest -D`
   ▲ Next.js 16.0.0 (Turbopack)
   - Environments: .env.local

   Creating an optimized production build ...
[baseline-browser-mapping] The data in this module is over two months old.  To ensure accurate Baseline data, please update: `npm i baseline-browser-mapping@latest -D`

> Build error occurred
Error: Turbopack build failed with 1 errors:
./src/app/globals.css
Error evaluating Node.js code
CssSyntaxError: C:\Projects\Chefs-Mind-AI\frontend-enhanced\src\app\globals.css:23:3: The `bg-background` class does not exist. If `bg-background` is a custom class, make sure it is defined within a `@layer` directive.
    at Input.error (node_modules/postcss/lib/input.js:135:16) [C:\Projects\Chefs-Mind-AI\frontend-enhanced\.next\build\chunks\node_modules_fe693df6._.js:4651:22]
    at AtRule.error (node_modules/postcss/lib/node.js:146:32) [C:\Projects\Chefs-Mind-AI\frontend-enhanced\.next\build\chunks\node_modules_fe693df6._.js:928:38]
    [at processApply (C:\Projects\Chefs-Mind-AI\node_modules\tailwindcss\lib\lib\expandApplyAtRules.js:380:29)]
    [at C:\Projects\Chefs-Mind-AI\node_modules\tailwindcss\lib\lib\expandApplyAtRules.js:551:9]
    [at C:\Projects\Chefs-Mind-AI\node_modules\tailwindcss\lib\processTailwindFeatures.js:55:50]
    [at async plugins (C:\Projects\Chefs-Mind-AI\node_modules\tailwindcss\lib\plugin.js:38:17)]
    at async LazyResult.runAsync (node_modules/postcss/lib/lazy-result.js:293:11) [C:\Projects\Chefs-Mind-AI\frontend-enhanced\.next\build\chunks\node_modules_fe693df6._.js:6206:21]
    at async transform (turbopack:///[turbopack-node]/transforms/postcss.ts:70:34) [C:\Projects\Chefs-Mind-AI\frontend-enhanced\.next\build\chunks\[root-of-the-server]__6d51cb5d._.js:172:36]
    at async run (turbopack:///[turbopack-node]/ipc/evaluate.ts:92:23) [C:\Projects\Chefs-Mind-AI\frontend-enhanced\.next\build\chunks\[root-of-the-server]__44695d76._.js:443:31]

Import trace:
  Client Component Browser:
    ./src/app/globals.css [Client Component Browser]
    ./src/app/layout.tsx [Server Component]


    at async transform (turbopack:///[turbopack-node]/transforms/postcss.ts:70:34) [C:\Projects\Chefs-Mind-AI\frontend-enhanced\.next\build\chunks\[root-of-the-server]__6d51cb5d._.js:172:36])
    at async run (turbopack:///[turbopack-node]/ipc/evaluate.ts:92:23) [C:\Projects\Chefs-Mind-AI\frontend-enhanced\.next\build\chunks\[root-of-the-server]__44695d76._.js:443:31])
